Testing output
